******************************************************************************
            TI ARM Clang Linker PC v2.1.3                      
******************************************************************************
>> Linked Tue Nov  7 12:58:57 2023

OUTPUT FILE NAME:   <empty_mspm0g3507_nortos_ticlang.out>
ENTRY POINT SYMBOL: "_c_int00_noinit_noargs"  address: 00000265


MEMORY CONFIGURATION

         name            origin    length      used     unused   attr    fill
----------------------  --------  ---------  --------  --------  ----  --------
  FLASH                 00000000   00020000  000002d8  0001fd28  R  X
  SRAM                  20200000   00008000  00000200  00007e00  RW X
  BCR_CONFIG            41c00000   00000080  00000000  00000080  R   
  BSL_CONFIG            41c00100   00000080  00000000  00000080  R   


SEGMENT ALLOCATION MAP

run origin  load origin   length   init length attrs members
----------  ----------- ---------- ----------- ----- -------
00000000    00000000    000002d8   000002d8    r-x
  00000000    00000000    000000c0   000000c0    r-- .intvecs
  000000c0    000000c0    00000210   00000210    r-x .text
  000002d0    000002d0    00000008   00000008    r-- .rodata
20207e00    20207e00    00000200   00000000    rw-
  20207e00    20207e00    00000200   00000000    rw- .stack


SECTION ALLOCATION MAP

 output                                  attributes/
section   page    origin      length       input sections
--------  ----  ----------  ----------   ----------------
.intvecs   0    00000000    000000c0     
                  00000000    000000c0     startup_mspm0g3507_ticlang.o (.intvecs)

.text      0    000000c0    00000210     
                  000000c0    00000074     ti_msp_dl_config.o (.text.SYSCFG_DL_ADC12_0_init)
                  00000134    0000004c     driverlib.a : dl_adc12.o (.text.DL_ADC12_setClockConfig)
                  00000180    00000034     ti_msp_dl_config.o (.text.SYSCFG_DL_initPower)
                  000001b4    00000030     ti_msp_dl_config.o (.text.SYSCFG_DL_SYSCTL_init)
                  000001e4    00000030     adc_mspm0g3507.o (.text.main)
                  00000214    00000028     adc_mspm0g3507.o (.text.ADC0_IRQHandler)
                  0000023c    00000028     driverlib.a : dl_adc12.o (.text.DL_Common_updateReg)
                  00000264    00000020     libc.a : boot_cortex_m.c.obj (.text:_c_int00_noinit_noargs)
                  00000284    00000018     ti_msp_dl_config.o (.text.SYSCFG_DL_GPIO_init)
                  0000029c    00000014     ti_msp_dl_config.o (.text.SYSCFG_DL_init)
                  000002b0    00000010     driverlib.a : dl_common.o (.text.DL_Common_delayCycles)
                  000002c0    00000004     startup_mspm0g3507_ticlang.o (.text.Reset_Handler)
                  000002c4    00000004     libc.a : pre_init.c.obj (.text._system_pre_init)
                  000002c8    00000004            : exit.c.obj (.text:abort)
                  000002cc    00000002     startup_mspm0g3507_ticlang.o (.text.Default_Handler)
                  000002ce    00000002     --HOLE-- [fill = 0]

.cinit     0    00000000    00000000     

.rodata    0    000002d0    00000008     
                  000002d0    00000008     ti_msp_dl_config.o (.rodata.gADC12_0ClockConfig)

.init_array 
*          0    00000000    00000000     UNINITIALIZED

.binit     0    00000000    00000000     

.stack     0    20207e00    00000200     UNINITIALIZED
                  20207e00    00000004     libc.a : boot_cortex_m.c.obj (.stack)
                  20207e04    000001fc     --HOLE--

__llvm_prf_cnts 
*          0    20200000    00000000     UNINITIALIZED

__llvm_prf_bits 
*          0    20200000    00000000     UNINITIALIZED

MODULE SUMMARY

       Module                         code   ro data   rw data
       ------                         ----   -------   -------
    .\
       adc_mspm0g3507.o               88     0         0      
    +--+------------------------------+------+---------+---------+
       Total:                         88     0         0      
                                                              
    .\syscfg\
       ti_msp_dl_config.o             260    8         0      
    +--+------------------------------+------+---------+---------+
       Total:                         260    8         0      
                                                              
    .\ticlang\
       startup_mspm0g3507_ticlang.o   6      192       0      
    +--+------------------------------+------+---------+---------+
       Total:                         6      192       0      
                                                              
    C:/ti/mspm0_sdk_1_20_00_05/source/ti/driverlib/lib/ticlang/m0p/mspm0g1x0x_g3x0x/driverlib.a
       dl_adc12.o                     116    0         0      
       dl_common.o                    16     0         0      
    +--+------------------------------+------+---------+---------+
       Total:                         132    0         0      
                                                              
    C:\ti\ccstheia110\ccs\tools\compiler\ti-cgt-armllvm_2.1.3.LTS\lib\armv6m-ti-none-eabi/c/libc.a
       boot_cortex_m.c.obj            32     0         0      
       exit.c.obj                     4      0         0      
       pre_init.c.obj                 4      0         0      
    +--+------------------------------+------+---------+---------+
       Total:                         40     0         0      
                                                              
       Stack:                         0      0         512    
    +--+------------------------------+------+---------+---------+
       Grand Total:                   526    200       512    


GLOBAL SYMBOLS: SORTED ALPHABETICALLY BY Name 

address   name                   
-------   ----                   
00000215  ADC0_IRQHandler        
000002cd  ADC1_IRQHandler        
000002cd  AES_IRQHandler         
000002c8  C$$EXIT                
000002cd  CANFD0_IRQHandler      
000002cd  DAC0_IRQHandler        
00000135  DL_ADC12_setClockConfig
000002b1  DL_Common_delayCycles  
000002cd  DMA_IRQHandler         
000002cd  Default_Handler        
000002cd  GROUP0_IRQHandler      
000002cd  GROUP1_IRQHandler      
000002cd  HardFault_Handler      
000002cd  I2C0_IRQHandler        
000002cd  I2C1_IRQHandler        
000002cd  NMI_Handler            
000002cd  PendSV_Handler         
000002cd  RTC_IRQHandler         
000002c1  Reset_Handler          
000002cd  SPI0_IRQHandler        
000002cd  SPI1_IRQHandler        
000002cd  SVC_Handler            
000000c1  SYSCFG_DL_ADC12_0_init 
00000285  SYSCFG_DL_GPIO_init    
000001b5  SYSCFG_DL_SYSCTL_init  
0000029d  SYSCFG_DL_init         
00000181  SYSCFG_DL_initPower    
000002cd  SysTick_Handler        
000002cd  TIMA0_IRQHandler       
000002cd  TIMA1_IRQHandler       
000002cd  TIMG0_IRQHandler       
000002cd  TIMG12_IRQHandler      
000002cd  TIMG6_IRQHandler       
000002cd  TIMG7_IRQHandler       
000002cd  TIMG8_IRQHandler       
000002cd  UART0_IRQHandler       
000002cd  UART1_IRQHandler       
000002cd  UART2_IRQHandler       
000002cd  UART3_IRQHandler       
20208000  __STACK_END            
00000200  __STACK_SIZE           
00000000  __TI_CINIT_Base        
00000000  __TI_CINIT_Limit       
00000000  __TI_CINIT_Warm        
ffffffff  __TI_pprof_out_hndl    
ffffffff  __TI_prof_data_size    
ffffffff  __TI_prof_data_start   
00000000  __TI_static_base__     
ffffffff  __binit__              
UNDEFED   __mpu_init             
20207e00  __stack                
20200000  __start___llvm_prf_bits
20200000  __start___llvm_prf_cnts
20200000  __stop___llvm_prf_bits 
20200000  __stop___llvm_prf_cnts 
00000265  _c_int00_noinit_noargs 
000002c5  _system_pre_init       
000002c9  abort                  
ffffffff  binit                  
00000000  interruptVectors       
000001e5  main                   


GLOBAL SYMBOLS: SORTED BY Symbol Address 

address   name                   
-------   ----                   
00000000  __TI_CINIT_Base        
00000000  __TI_CINIT_Limit       
00000000  __TI_CINIT_Warm        
00000000  __TI_static_base__     
00000000  interruptVectors       
000000c1  SYSCFG_DL_ADC12_0_init 
00000135  DL_ADC12_setClockConfig
00000181  SYSCFG_DL_initPower    
000001b5  SYSCFG_DL_SYSCTL_init  
000001e5  main                   
00000200  __STACK_SIZE           
00000215  ADC0_IRQHandler        
00000265  _c_int00_noinit_noargs 
00000285  SYSCFG_DL_GPIO_init    
0000029d  SYSCFG_DL_init         
000002b1  DL_Common_delayCycles  
000002c1  Reset_Handler          
000002c5  _system_pre_init       
000002c8  C$$EXIT                
000002c9  abort                  
000002cd  ADC1_IRQHandler        
000002cd  AES_IRQHandler         
000002cd  CANFD0_IRQHandler      
000002cd  DAC0_IRQHandler        
000002cd  DMA_IRQHandler         
000002cd  Default_Handler        
000002cd  GROUP0_IRQHandler      
000002cd  GROUP1_IRQHandler      
000002cd  HardFault_Handler      
000002cd  I2C0_IRQHandler        
000002cd  I2C1_IRQHandler        
000002cd  NMI_Handler            
000002cd  PendSV_Handler         
000002cd  RTC_IRQHandler         
000002cd  SPI0_IRQHandler        
000002cd  SPI1_IRQHandler        
000002cd  SVC_Handler            
000002cd  SysTick_Handler        
000002cd  TIMA0_IRQHandler       
000002cd  TIMA1_IRQHandler       
000002cd  TIMG0_IRQHandler       
000002cd  TIMG12_IRQHandler      
000002cd  TIMG6_IRQHandler       
000002cd  TIMG7_IRQHandler       
000002cd  TIMG8_IRQHandler       
000002cd  UART0_IRQHandler       
000002cd  UART1_IRQHandler       
000002cd  UART2_IRQHandler       
000002cd  UART3_IRQHandler       
20200000  __start___llvm_prf_bits
20200000  __start___llvm_prf_cnts
20200000  __stop___llvm_prf_bits 
20200000  __stop___llvm_prf_cnts 
20207e00  __stack                
20208000  __STACK_END            
ffffffff  __TI_pprof_out_hndl    
ffffffff  __TI_prof_data_size    
ffffffff  __TI_prof_data_start   
ffffffff  __binit__              
ffffffff  binit                  
UNDEFED   __mpu_init             

[61 symbols]
